Wed Nov  3 10:35:31 2021: Too early to create variable: no default root window
Fri Dec 17 10:25:59 2021: 'gravia' object has no attribute 'user_info'
Fri Dec 17 10:31:03 2021: 'gravia' object has no attribute 'outputBox'
